------------------------------------------------------------
Timing Analyzer Summary
------------------------------------------------------------

Type  : Slow 1200mV 85C Model Setup 'entrada_operacoes:entrada|operacao[0]'
Slack : -7.107
TNS   : -105.980

Type  : Slow 1200mV 85C Model Setup 'clk'
Slack : -6.564
TNS   : -2252.391

Type  : Slow 1200mV 85C Model Hold 'clk'
Slack : -0.590
TNS   : -0.590

Type  : Slow 1200mV 85C Model Hold 'entrada_operacoes:entrada|operacao[0]'
Slack : 0.257
TNS   : 0.000

Type  : Slow 1200mV 85C Model Minimum Pulse Width 'clk'
Slack : -3.000
TNS   : -1423.897

Type  : Slow 1200mV 85C Model Minimum Pulse Width 'entrada_operacoes:entrada|operacao[0]'
Slack : 0.400
TNS   : 0.000

Type  : Slow 1200mV 0C Model Setup 'entrada_operacoes:entrada|operacao[0]'
Slack : -6.541
TNS   : -97.097

Type  : Slow 1200mV 0C Model Setup 'clk'
Slack : -5.949
TNS   : -2012.542

Type  : Slow 1200mV 0C Model Hold 'clk'
Slack : -0.563
TNS   : -0.563

Type  : Slow 1200mV 0C Model Hold 'entrada_operacoes:entrada|operacao[0]'
Slack : 0.369
TNS   : 0.000

Type  : Slow 1200mV 0C Model Minimum Pulse Width 'clk'
Slack : -3.000
TNS   : -1407.001

Type  : Slow 1200mV 0C Model Minimum Pulse Width 'entrada_operacoes:entrada|operacao[0]'
Slack : 0.345
TNS   : 0.000

Type  : Fast 1200mV 0C Model Setup 'clk'
Slack : -3.047
TNS   : -945.351

Type  : Fast 1200mV 0C Model Setup 'entrada_operacoes:entrada|operacao[0]'
Slack : -2.991
TNS   : -44.725

Type  : Fast 1200mV 0C Model Hold 'clk'
Slack : -0.388
TNS   : -0.388

Type  : Fast 1200mV 0C Model Hold 'entrada_operacoes:entrada|operacao[0]'
Slack : -0.202
TNS   : -0.224

Type  : Fast 1200mV 0C Model Minimum Pulse Width 'clk'
Slack : -3.000
TNS   : -755.889

Type  : Fast 1200mV 0C Model Minimum Pulse Width 'entrada_operacoes:entrada|operacao[0]'
Slack : 0.404
TNS   : 0.000

------------------------------------------------------------
