------------------------------------------------------------
Timing Analyzer Summary
------------------------------------------------------------

Type  : Slow 1200mV 85C Model Setup 'acesso_ram:acesso|entrada_operacoes:map_eop|operacao[0]'
Slack : -6.573
TNS   : -94.251

Type  : Slow 1200mV 85C Model Setup 'clk'
Slack : -6.491
TNS   : -2236.335

Type  : Slow 1200mV 85C Model Hold 'clk'
Slack : 0.352
TNS   : 0.000

Type  : Slow 1200mV 85C Model Hold 'acesso_ram:acesso|entrada_operacoes:map_eop|operacao[0]'
Slack : 0.877
TNS   : 0.000

Type  : Slow 1200mV 85C Model Minimum Pulse Width 'clk'
Slack : -3.000
TNS   : -1414.902

Type  : Slow 1200mV 85C Model Minimum Pulse Width 'acesso_ram:acesso|entrada_operacoes:map_eop|operacao[0]'
Slack : 0.424
TNS   : 0.000

Type  : Slow 1200mV 0C Model Setup 'acesso_ram:acesso|entrada_operacoes:map_eop|operacao[0]'
Slack : -6.032
TNS   : -87.358

Type  : Slow 1200mV 0C Model Setup 'clk'
Slack : -5.824
TNS   : -1991.565

Type  : Slow 1200mV 0C Model Hold 'clk'
Slack : 0.300
TNS   : 0.000

Type  : Slow 1200mV 0C Model Hold 'acesso_ram:acesso|entrada_operacoes:map_eop|operacao[0]'
Slack : 0.846
TNS   : 0.000

Type  : Slow 1200mV 0C Model Minimum Pulse Width 'clk'
Slack : -3.000
TNS   : -1398.006

Type  : Slow 1200mV 0C Model Minimum Pulse Width 'acesso_ram:acesso|entrada_operacoes:map_eop|operacao[0]'
Slack : 0.364
TNS   : 0.000

Type  : Fast 1200mV 0C Model Setup 'acesso_ram:acesso|entrada_operacoes:map_eop|operacao[0]'
Slack : -2.871
TNS   : -39.331

Type  : Fast 1200mV 0C Model Setup 'clk'
Slack : -2.584
TNS   : -869.997

Type  : Fast 1200mV 0C Model Hold 'clk'
Slack : 0.146
TNS   : 0.000

Type  : Fast 1200mV 0C Model Hold 'acesso_ram:acesso|entrada_operacoes:map_eop|operacao[0]'
Slack : 0.160
TNS   : 0.000

Type  : Fast 1200mV 0C Model Minimum Pulse Width 'clk'
Slack : -3.000
TNS   : -746.759

Type  : Fast 1200mV 0C Model Minimum Pulse Width 'acesso_ram:acesso|entrada_operacoes:map_eop|operacao[0]'
Slack : 0.396
TNS   : 0.000

------------------------------------------------------------
